
> malik-portfolio@0.1.0 build
> next build

Γû▓ Next.js 16.2.1 (Turbopack)

  Creating an optimized production build ...
node.exe : 
At line:1 char:1
+ & "C:\Program Files\
nodejs/node.exe" 
"C:\Program 
Files\nodejs/node_mo 
...
+ ~~~~~~~~~~~~~~~~~~~~
~~~~~~~~~~~~~~~~~~~~~~
~~~~~~~~~~~~~~~~~~~~~~
~~~~~
    + CategoryInfo    
          : NotSpeci  
  fied: (:String) [   
 ], RemoteExceptio    
n
    + FullyQualifiedE 
   rrorId : NativeCo  
  mmandError
 
> Build error occurred
Error: Turbopack 
build failed with 4 
errors:
./lib/data.ts:2:1
Export SiCss3 doesn't 
exist in target module
  [90m 1 |[0m 
[36mimport[0m { 
[33mIconType[0m } 
[36mfrom[0m [32m"re
act-icons"[0m;
[31m[1m>[0m [90m 
2 |[0m 
[36mimport[0m {
  [90m   |[0m 
[31m[1m^^^^^^^[0m
[31m[1m>[0m [90m 
3 |[0m   
[33mSiTensorflow[0m,
  [90m   |[0m [31m
[1m^^^^^^^^^^^^^^^[0m
[31m[1m>[0m [90m 
4 |[0m   
[33mSiPytorch[0m,
  [90m   |[0m [31m
[1m^^^^^^^^^^^^[0m
[31m[1m>[0m [90m 
5 |[0m   [33mSiSciki
tlearn[0m,
  [90m   |[0m [31m
[1m^^^^^^^^^^^^^^^^[0
m
[31m[1m>[0m [90m 
6 |[0m   
[33mSiPandas[0m,
  [90m   |[0m [31m
[1m^^^^^^^^^^^[0m
[31m[1m>[0m [90m 
7 |[0m   
[33mSiNumpy[0m,
  [90m   |[0m [31m
[1m^^^^^^^^^^[0m
[31m[1m>[0m [90m 
8 |[0m   
[33mSiPython[0m,
  [90m   |[0m [31m
[1m^^^^^^^^^^^[0m
[31m[1m>[0m [90m 
9 |[0m   
[33mSiDjango[0m,
  [90m   |[0m [31m
[1m^^^^^^^^^^^[0m
[31m[1m>[0m 
[90m10 |[0m   
[33mSiReact[0m,
  [90m   |[0m [31m
[1m^^^^^^^^^^[0m
[31m[1m>[0m 
[90m11 |[0m   
[33mSiNextdotjs[0m,
  [90m   |[0m [31m
[1m^^^^^^^^^^^^^^[0m
[31m[1m>[0m 
[90m12 |[0m   
[33mSiHtml5[0m,
  [90m   |[0m [31m
[1m^^^^^^^^^^[0m
[31m[1m>[0m 
[90m13 |[0m   
[33mSiCss3[0m,
  [90m   |[0m 
[31m[1m^^^^^^^^^[0m
[31m[1m>[0m 
[90m14 |[0m   
[33mSiJavascript[0m,
  [90m   |[0m [31m
[1m^^^^^^^^^^^^^^^[0m
[31m[1m>[0m 
[90m15 |[0m   
[33mSiMysql[0m,
  [90m   |[0m [31m
[1m^^^^^^^^^^[0m
[31m[1m>[0m 
[90m16 |[0m   
[33mSiPostgresql[0m,
  [90m   |[0m [31m
[1m^^^^^^^^^^^^^^^[0m
[31m[1m>[0m 
[90m17 |[0m   
[33mSiSqlite[0m,
  [90m   |[0m [31m
[1m^^^^^^^^^^^[0m
[31m[1m>[0m 
[90m18 |[0m   
[33mSiGit[0m,
  [90m   |[0m 
[31m[1m^^^^^^^^[0m
[31m[1m>[0m 
[90m19 |[0m   
[33mSiGithub[0m,
  [90m   |[0m [31m
[1m^^^^^^^^^^^[0m
[31m[1m>[0m 
[90m20 |[0m   
[33mSiStreamlit[0m,
  [90m   |[0m [31m
[1m^^^^^^^^^^^^^^[0m
[31m[1m>[0m 
[90m21 |[0m   
[33mSiGrafana[0m,
  [90m   |[0m [31m
[1m^^^^^^^^^^^^[0m
[31m[1m>[0m 
[90m22 |[0m   
[33mSiInfluxdb[0m,
  [90m   |[0m [31m
[1m^^^^^^^^^^^^^[0m
[31m[1m>[0m 
[90m23 |[0m   
[33mSiLinkedin[0m,
  [90m   |[0m [31m
[1m^^^^^^^^^^^^^[0m
[31m[1m>[0m 
[90m24 |[0m   
[33mSiFacebook[0m,
  [90m   |[0m [31m
[1m^^^^^^^^^^^^^[0m
[31m[1m>[0m 
[90m25 |[0m   
[33mSiInstagram[0m,
  [90m   |[0m [31m
[1m^^^^^^^^^^^^^^[0m
[31m[1m>[0m 
[90m26 |[0m   
[33mSiLeetcode[0m,
  [90m   |[0m [31m
[1m^^^^^^^^^^^^^[0m
[31m[1m>[0m 
[90m27 |[0m   
[33mSiCoursera[0m,
  [90m   |[0m [31m
[1m^^^^^^^^^^^^^[0m
[31m[1m>[0m 
[90m28 |[0m } 
[36mfrom[0m [32m"re
act-icons/si"[0m;
  [90m   |[0m [31m
[1m^^^^^^^^^^^^^^^^^^^
^^^^^[0m
  [90m29 |[0m
  [90m30 |[0m 
[90m/* ====== 
NAVIGATION ====== 
*/[0m
  [90m31 |[0m 
[36mexport[0m 
[36mconst[0m 
navLinks = [

The export SiCss3 was 
not found in module [p
roject]/node_modules/r
eact-icons/si/index.mj
s [app-client] 
(ecmascript).
Did you mean to 
import SiCss?
All exports of the 
module are statically 
known (It doesn't 
have dynamic 
exports). So it's 
known statically that 
the requested export 
doesn't exist.

Import traces:
  Client Component 
Browser:
    ./lib/data.ts 
[Client Component 
Browser]
    ./components/Foote
r.tsx [Client 
Component Browser]
    ./components/Foote
r.tsx [Server 
Component]
    ./app/page.tsx 
[Server Component]

  Client Component 
SSR:
    ./lib/data.ts 
[Client Component SSR]
    ./components/Foote
r.tsx [Client 
Component SSR]
    ./components/Foote
r.tsx [Server 
Component]
    ./app/page.tsx 
[Server Component]


./lib/data.ts:2:1
Export SiCss3 doesn't 
exist in target module
  [90m 1 |[0m 
[36mimport[0m { 
[33mIconType[0m } 
[36mfrom[0m [32m"re
act-icons"[0m;
[31m[1m>[0m [90m 
2 |[0m 
[36mimport[0m {
  [90m   |[0m 
[31m[1m^^^^^^^[0m
[31m[1m>[0m [90m 
3 |[0m   
[33mSiTensorflow[0m,
  [90m   |[0m [31m
[1m^^^^^^^^^^^^^^^[0m
[31m[1m>[0m [90m 
4 |[0m   
[33mSiPytorch[0m,
  [90m   |[0m [31m
[1m^^^^^^^^^^^^[0m
[31m[1m>[0m [90m 
5 |[0m   [33mSiSciki
tlearn[0m,
  [90m   |[0m [31m
[1m^^^^^^^^^^^^^^^^[0
m
[31m[1m>[0m [90m 
6 |[0m   
[33mSiPandas[0m,
  [90m   |[0m [31m
[1m^^^^^^^^^^^[0m
[31m[1m>[0m [90m 
7 |[0m   
[33mSiNumpy[0m,
  [90m   |[0m [31m
[1m^^^^^^^^^^[0m
[31m[1m>[0m [90m 
8 |[0m   
[33mSiPython[0m,
  [90m   |[0m [31m
[1m^^^^^^^^^^^[0m
[31m[1m>[0m [90m 
9 |[0m   
[33mSiDjango[0m,
  [90m   |[0m [31m
[1m^^^^^^^^^^^[0m
[31m[1m>[0m 
[90m10 |[0m   
[33mSiReact[0m,
  [90m   |[0m [31m
[1m^^^^^^^^^^[0m
[31m[1m>[0m 
[90m11 |[0m   
[33mSiNextdotjs[0m,
  [90m   |[0m [31m
[1m^^^^^^^^^^^^^^[0m
[31m[1m>[0m 
[90m12 |[0m   
[33mSiHtml5[0m,
  [90m   |[0m [31m
[1m^^^^^^^^^^[0m
[31m[1m>[0m 
[90m13 |[0m   
[33mSiCss3[0m,
  [90m   |[0m 
[31m[1m^^^^^^^^^[0m
[31m[1m>[0m 
[90m14 |[0m   
[33mSiJavascript[0m,
  [90m   |[0m [31m
[1m^^^^^^^^^^^^^^^[0m
[31m[1m>[0m 
[90m15 |[0m   
[33mSiMysql[0m,
  [90m   |[0m [31m
[1m^^^^^^^^^^[0m
[31m[1m>[0m 
[90m16 |[0m   
[33mSiPostgresql[0m,
  [90m   |[0m [31m
[1m^^^^^^^^^^^^^^^[0m
[31m[1m>[0m 
[90m17 |[0m   
[33mSiSqlite[0m,
  [90m   |[0m [31m
[1m^^^^^^^^^^^[0m
[31m[1m>[0m 
[90m18 |[0m   
[33mSiGit[0m,
  [90m   |[0m 
[31m[1m^^^^^^^^[0m
[31m[1m>[0m 
[90m19 |[0m   
[33mSiGithub[0m,
  [90m   |[0m [31m
[1m^^^^^^^^^^^[0m
[31m[1m>[0m 
[90m20 |[0m   
[33mSiStreamlit[0m,
  [90m   |[0m [31m
[1m^^^^^^^^^^^^^^[0m
[31m[1m>[0m 
[90m21 |[0m   
[33mSiGrafana[0m,
  [90m   |[0m [31m
[1m^^^^^^^^^^^^[0m
[31m[1m>[0m 
[90m22 |[0m   
[33mSiInfluxdb[0m,
  [90m   |[0m [31m
[1m^^^^^^^^^^^^^[0m
[31m[1m>[0m 
[90m23 |[0m   
[33mSiLinkedin[0m,
  [90m   |[0m [31m
[1m^^^^^^^^^^^^^[0m
[31m[1m>[0m 
[90m24 |[0m   
[33mSiFacebook[0m,
  [90m   |[0m [31m
[1m^^^^^^^^^^^^^[0m
[31m[1m>[0m 
[90m25 |[0m   
[33mSiInstagram[0m,
  [90m   |[0m [31m
[1m^^^^^^^^^^^^^^[0m
[31m[1m>[0m 
[90m26 |[0m   
[33mSiLeetcode[0m,
  [90m   |[0m [31m
[1m^^^^^^^^^^^^^[0m
[31m[1m>[0m 
[90m27 |[0m   
[33mSiCoursera[0m,
  [90m   |[0m [31m
[1m^^^^^^^^^^^^^[0m
[31m[1m>[0m 
[90m28 |[0m } 
[36mfrom[0m [32m"re
act-icons/si"[0m;
  [90m   |[0m [31m
[1m^^^^^^^^^^^^^^^^^^^
^^^^^[0m
  [90m29 |[0m
  [90m30 |[0m 
[90m/* ====== 
NAVIGATION ====== 
*/[0m
  [90m31 |[0m 
[36mexport[0m 
[36mconst[0m 
navLinks = [

The export SiCss3 was 
not found in module [p
roject]/node_modules/r
eact-icons/si/index.mj
s [app-ssr] 
(ecmascript).
Did you mean to 
import SiCss?
All exports of the 
module are statically 
known (It doesn't 
have dynamic 
exports). So it's 
known statically that 
the requested export 
doesn't exist.

Import traces:
  Client Component 
Browser:
    ./lib/data.ts 
[Client Component 
Browser]
    ./components/Foote
r.tsx [Client 
Component Browser]
    ./components/Foote
r.tsx [Server 
Component]
    ./app/page.tsx 
[Server Component]

  Client Component 
SSR:
    ./lib/data.ts 
[Client Component SSR]
    ./components/Foote
r.tsx [Client 
Component SSR]
    ./components/Foote
r.tsx [Server 
Component]
    ./app/page.tsx 
[Server Component]


./lib/data.ts:2:1
Export SiLinkedin 
doesn't exist in 
target module
  [90m 1 |[0m 
[36mimport[0m { 
[33mIconType[0m } 
[36mfrom[0m [32m"re
act-icons"[0m;
[31m[1m>[0m [90m 
2 |[0m 
[36mimport[0m {
  [90m   |[0m 
[31m[1m^^^^^^^[0m
[31m[1m>[0m [90m 
3 |[0m   
[33mSiTensorflow[0m,
  [90m   |[0m [31m
[1m^^^^^^^^^^^^^^^[0m
[31m[1m>[0m [90m 
4 |[0m   
[33mSiPytorch[0m,
  [90m   |[0m [31m
[1m^^^^^^^^^^^^[0m
[31m[1m>[0m [90m 
5 |[0m   [33mSiSciki
tlearn[0m,
  [90m   |[0m [31m
[1m^^^^^^^^^^^^^^^^[0
m
[31m[1m>[0m [90m 
6 |[0m   
[33mSiPandas[0m,
  [90m   |[0m [31m
[1m^^^^^^^^^^^[0m
[31m[1m>[0m [90m 
7 |[0m   
[33mSiNumpy[0m,
  [90m   |[0m [31m
[1m^^^^^^^^^^[0m
[31m[1m>[0m [90m 
8 |[0m   
[33mSiPython[0m,
  [90m   |[0m [31m
[1m^^^^^^^^^^^[0m
[31m[1m>[0m [90m 
9 |[0m   
[33mSiDjango[0m,
  [90m   |[0m [31m
[1m^^^^^^^^^^^[0m
[31m[1m>[0m 
[90m10 |[0m   
[33mSiReact[0m,
  [90m   |[0m [31m
[1m^^^^^^^^^^[0m
[31m[1m>[0m 
[90m11 |[0m   
[33mSiNextdotjs[0m,
  [90m   |[0m [31m
[1m^^^^^^^^^^^^^^[0m
[31m[1m>[0m 
[90m12 |[0m   
[33mSiHtml5[0m,
  [90m   |[0m [31m
[1m^^^^^^^^^^[0m
[31m[1m>[0m 
[90m13 |[0m   
[33mSiCss3[0m,
  [90m   |[0m 
[31m[1m^^^^^^^^^[0m
[31m[1m>[0m 
[90m14 |[0m   
[33mSiJavascript[0m,
  [90m   |[0m [31m
[1m^^^^^^^^^^^^^^^[0m
[31m[1m>[0m 
[90m15 |[0m   
[33mSiMysql[0m,
  [90m   |[0m [31m
[1m^^^^^^^^^^[0m
[31m[1m>[0m 
[90m16 |[0m   
[33mSiPostgresql[0m,
  [90m   |[0m [31m
[1m^^^^^^^^^^^^^^^[0m
[31m[1m>[0m 
[90m17 |[0m   
[33mSiSqlite[0m,
  [90m   |[0m [31m
[1m^^^^^^^^^^^[0m
[31m[1m>[0m 
[90m18 |[0m   
[33mSiGit[0m,
  [90m   |[0m 
[31m[1m^^^^^^^^[0m
[31m[1m>[0m 
[90m19 |[0m   
[33mSiGithub[0m,
  [90m   |[0m [31m
[1m^^^^^^^^^^^[0m
[31m[1m>[0m 
[90m20 |[0m   
[33mSiStreamlit[0m,
  [90m   |[0m [31m
[1m^^^^^^^^^^^^^^[0m
[31m[1m>[0m 
[90m21 |[0m   
[33mSiGrafana[0m,
  [90m   |[0m [31m
[1m^^^^^^^^^^^^[0m
[31m[1m>[0m 
[90m22 |[0m   
[33mSiInfluxdb[0m,
  [90m   |[0m [31m
[1m^^^^^^^^^^^^^[0m
[31m[1m>[0m 
[90m23 |[0m   
[33mSiLinkedin[0m,
  [90m   |[0m [31m
[1m^^^^^^^^^^^^^[0m
[31m[1m>[0m 
[90m24 |[0m   
[33mSiFacebook[0m,
  [90m   |[0m [31m
[1m^^^^^^^^^^^^^[0m
[31m[1m>[0m 
[90m25 |[0m   
[33mSiInstagram[0m,
  [90m   |[0m [31m
[1m^^^^^^^^^^^^^^[0m
[31m[1m>[0m 
[90m26 |[0m   
[33mSiLeetcode[0m,
  [90m   |[0m [31m
[1m^^^^^^^^^^^^^[0m
[31m[1m>[0m 
[90m27 |[0m   
[33mSiCoursera[0m,
  [90m   |[0m [31m
[1m^^^^^^^^^^^^^[0m
[31m[1m>[0m 
[90m28 |[0m } 
[36mfrom[0m [32m"re
act-icons/si"[0m;
  [90m   |[0m [31m
[1m^^^^^^^^^^^^^^^^^^^
^^^^^[0m
  [90m29 |[0m
  [90m30 |[0m 
[90m/* ====== 
NAVIGATION ====== 
*/[0m
  [90m31 |[0m 
[36mexport[0m 
[36mconst[0m 
navLinks = [

The export SiLinkedin 
was not found in 
module [project]/node_
modules/react-icons/si
/index.mjs 
[app-client] 
(ecmascript).
Did you mean to 
import SiLinkerd?
All exports of the 
module are statically 
known (It doesn't 
have dynamic 
exports). So it's 
known statically that 
the requested export 
doesn't exist.

Import traces:
  Client Component 
Browser:
    ./lib/data.ts 
[Client Component 
Browser]
    ./components/Foote
r.tsx [Client 
Component Browser]
    ./components/Foote
r.tsx [Server 
Component]
    ./app/page.tsx 
[Server Component]

  Client Component 
SSR:
    ./lib/data.ts 
[Client Component SSR]
    ./components/Foote
r.tsx [Client 
Component SSR]
    ./components/Foote
r.tsx [Server 
Component]
    ./app/page.tsx 
[Server Component]


./lib/data.ts:2:1
Export SiLinkedin 
doesn't exist in 
target module
  [90m 1 |[0m 
[36mimport[0m { 
[33mIconType[0m } 
[36mfrom[0m [32m"re
act-icons"[0m;
[31m[1m>[0m [90m 
2 |[0m 
[36mimport[0m {
  [90m   |[0m 
[31m[1m^^^^^^^[0m
[31m[1m>[0m [90m 
3 |[0m   
[33mSiTensorflow[0m,
  [90m   |[0m [31m
[1m^^^^^^^^^^^^^^^[0m
[31m[1m>[0m [90m 
4 |[0m   
[33mSiPytorch[0m,
  [90m   |[0m [31m
[1m^^^^^^^^^^^^[0m
[31m[1m>[0m [90m 
5 |[0m   [33mSiSciki
tlearn[0m,
  [90m   |[0m [31m
[1m^^^^^^^^^^^^^^^^[0
m
[31m[1m>[0m [90m 
6 |[0m   
[33mSiPandas[0m,
  [90m   |[0m [31m
[1m^^^^^^^^^^^[0m
[31m[1m>[0m [90m 
7 |[0m   
[33mSiNumpy[0m,
  [90m   |[0m [31m
[1m^^^^^^^^^^[0m
[31m[1m>[0m [90m 
8 |[0m   
[33mSiPython[0m,
  [90m   |[0m [31m
[1m^^^^^^^^^^^[0m
[31m[1m>[0m [90m 
9 |[0m   
[33mSiDjango[0m,
  [90m   |[0m [31m
[1m^^^^^^^^^^^[0m
[31m[1m>[0m 
[90m10 |[0m   
[33mSiReact[0m,
  [90m   |[0m [31m
[1m^^^^^^^^^^[0m
[31m[1m>[0m 
[90m11 |[0m   
[33mSiNextdotjs[0m,
  [90m   |[0m [31m
[1m^^^^^^^^^^^^^^[0m
[31m[1m>[0m 
[90m12 |[0m   
[33mSiHtml5[0m,
  [90m   |[0m [31m
[1m^^^^^^^^^^[0m
[31m[1m>[0m 
[90m13 |[0m   
[33mSiCss3[0m,
  [90m   |[0m 
[31m[1m^^^^^^^^^[0m
[31m[1m>[0m 
[90m14 |[0m   
[33mSiJavascript[0m,
  [90m   |[0m [31m
[1m^^^^^^^^^^^^^^^[0m
[31m[1m>[0m 
[90m15 |[0m   
[33mSiMysql[0m,
  [90m   |[0m [31m
[1m^^^^^^^^^^[0m
[31m[1m>[0m 
[90m16 |[0m   
[33mSiPostgresql[0m,
  [90m   |[0m [31m
[1m^^^^^^^^^^^^^^^[0m
[31m[1m>[0m 
[90m17 |[0m   
[33mSiSqlite[0m,
  [90m   |[0m [31m
[1m^^^^^^^^^^^[0m
[31m[1m>[0m 
[90m18 |[0m   
[33mSiGit[0m,
  [90m   |[0m 
[31m[1m^^^^^^^^[0m
[31m[1m>[0m 
[90m19 |[0m   
[33mSiGithub[0m,
  [90m   |[0m [31m
[1m^^^^^^^^^^^[0m
[31m[1m>[0m 
[90m20 |[0m   
[33mSiStreamlit[0m,
  [90m   |[0m [31m
[1m^^^^^^^^^^^^^^[0m
[31m[1m>[0m 
[90m21 |[0m   
[33mSiGrafana[0m,
  [90m   |[0m [31m
[1m^^^^^^^^^^^^[0m
[31m[1m>[0m 
[90m22 |[0m   
[33mSiInfluxdb[0m,
  [90m   |[0m [31m
[1m^^^^^^^^^^^^^[0m
[31m[1m>[0m 
[90m23 |[0m   
[33mSiLinkedin[0m,
  [90m   |[0m [31m
[1m^^^^^^^^^^^^^[0m
[31m[1m>[0m 
[90m24 |[0m   
[33mSiFacebook[0m,
  [90m   |[0m [31m
[1m^^^^^^^^^^^^^[0m
[31m[1m>[0m 
[90m25 |[0m   
[33mSiInstagram[0m,
  [90m   |[0m [31m
[1m^^^^^^^^^^^^^^[0m
[31m[1m>[0m 
[90m26 |[0m   
[33mSiLeetcode[0m,
  [90m   |[0m [31m
[1m^^^^^^^^^^^^^[0m
[31m[1m>[0m 
[90m27 |[0m   
[33mSiCoursera[0m,
  [90m   |[0m [31m
[1m^^^^^^^^^^^^^[0m
[31m[1m>[0m 
[90m28 |[0m } 
[36mfrom[0m [32m"re
act-icons/si"[0m;
  [90m   |[0m [31m
[1m^^^^^^^^^^^^^^^^^^^
^^^^^[0m
  [90m29 |[0m
  [90m30 |[0m 
[90m/* ====== 
NAVIGATION ====== 
*/[0m
  [90m31 |[0m 
[36mexport[0m 
[36mconst[0m 
navLinks = [

The export SiLinkedin 
was not found in 
module [project]/node_
modules/react-icons/si
/index.mjs [app-ssr] 
(ecmascript).
Did you mean to 
import SiLinkerd?
All exports of the 
module are statically 
known (It doesn't 
have dynamic 
exports). So it's 
known statically that 
the requested export 
doesn't exist.

Import traces:
  Client Component 
Browser:
    ./lib/data.ts 
[Client Component 
Browser]
    ./components/Foote
r.tsx [Client 
Component Browser]
    ./components/Foote
r.tsx [Server 
Component]
    ./app/page.tsx 
[Server Component]

  Client Component 
SSR:
    ./lib/data.ts 
[Client Component SSR]
    ./components/Foote
r.tsx [Client 
Component SSR]
    ./components/Foote
r.tsx [Server 
Component]
    ./app/page.tsx 
[Server Component]


    at <unknown> 
(./lib/data.ts:2:1)
    at <unknown> 
(./lib/data.ts:2:1)
    at <unknown> 
(./lib/data.ts:2:1)
    at <unknown> 
(./lib/data.ts:2:1)
